<testsuites name="results">
  <testsuite name="all" package="all">
    <property name="random_seed" value="1691264009" />
    <testcase name="test_my_design" classname="test" file="/home/jakobsen/work/asic/tinytapeout/tt04-spdif_decoder/test.py" lineno="5" time="0.13214898109436035" sim_time_ns="40160.001" ratio_time="303899.43734279677" />
  </testsuite>
</testsuites>
